src/components/component-example.tsx(94,8): error TS2307: Cannot find module '@tabler/icons-react' or its corresponding type declarations.
src/components/ui/dropdown-menu.tsx(7,45): error TS2307: Cannot find module '@tabler/icons-react' or its corresponding type declarations.
src/components/ui/select.tsx(12,8): error TS2307: Cannot find module '@tabler/icons-react' or its corresponding type declarations.
src/features/text-feed/components/post-detail.tsx(13,3): error TS2614: Module '"@solar-icons/react"' has no exported member 'SmileEmoji'. Did you mean to use 'import SmileEmoji from "@solar-icons/react"' instead?
src/features/text-feed/components/post-detail.tsx(15,10): error TS2305: Module '"next/navigation.js"' has no exported member 'Link'.
src/features/text-feed/components/post-detail.tsx(73,28): error TS2339: Property 'verified' does not exist on type 'User'.
src/features/text-feed/components/post-detail.tsx(154,29): error TS2339: Property 'verified' does not exist on type 'User'.
src/features/text-feed/components/text-post-card.tsx(64,33): error TS2339: Property 'verified' does not exist on type 'User'.
